******************************************************************************
                  TI ARM Linker PC v18.12.2                    
******************************************************************************
>> Linked Tue Oct 15 20:50:56 2019

OUTPUT FILE NAME:   <CAN_Task.out>
ENTRY POINT SYMBOL: "_c_int00_noargs"  address: 0000117d


MEMORY CONFIGURATION

         name            origin    length      used     unused   attr    fill
----------------------  --------  ---------  --------  --------  ----  --------
  FLASH                 00000000   00040000  00001494  0003eb6c  R  X
  SRAM                  20000000   00008000  0000023a  00007dc6  RW X


SEGMENT ALLOCATION MAP

run origin  load origin   length   init length attrs members
----------  ----------- ---------- ----------- ----- -------
00000000    00000000    00001498   00001498    r-x
  00000000    00000000    0000026c   0000026c    r-- .intvecs
  0000026c    0000026c    00001094   00001094    r-x .text
  00001300    00001300    0000014c   0000014c    r-- .const
  00001450    00001450    00000048   00000048    r-- .cinit
20000000    20000000    0000023a   00000000    rw-
  20000000    20000000    00000200   00000000    rw- .stack
  20000200    20000200    00000032   00000000    rw- .data
  20000232    20000232    00000008   00000000    rw- .bss


SECTION ALLOCATION MAP

 output                                  attributes/
section   page    origin      length       input sections
--------  ----  ----------  ----------   ----------------
.intvecs   0    00000000    0000026c     
                  00000000    0000026c     tm4c123gh6pm_startup_ccs.obj (.intvecs)

.text      0    0000026c    00001094     
                  0000026c    0000049c     uartstdio.obj (.text)
                  00000708    00000248     blinky.obj (.text)
                  00000950    00000136     driverlib.lib : can.obj (.text:CANMessageSet)
                  00000a86    00000132                   : gpio.obj (.text:GPIOPadConfigSet)
                  00000bb8    00000110                   : sysctl.obj (.text:SysCtlClockGet)
                  00000cc8    0000010e                   : can.obj (.text:CANMessageGet)
                  00000dd6    0000009c     rtsv7M4_T_le_v4SPD16_eabi.lib : memcpy_t2.asm.obj (.text)
                  00000e72    00000002                                   : div0.asm.obj (.text)
                  00000e74    0000006c     driverlib.lib : can.obj (.text:CANBitRateSet)
                  00000ee0    00000068     rtsv7M4_T_le_v4SPD16_eabi.lib : copy_decompress_lzss.c.obj (.text:decompress:lzss:__TI_decompress_lzss)
                  00000f48    00000048     driverlib.lib : gpio.obj (.text:GPIOPinConfigure)
                  00000f90    00000046                   : uart.obj (.text:UARTConfigSetExpClk)
                  00000fd6    00000002     --HOLE-- [fill = 0]
                  00000fd8    00000044     rtsv7M4_T_le_v4SPD16_eabi.lib : autoinit.c.obj (.text:__TI_auto_init_nobinit_nopinit:__TI_auto_init_nobinit_nopinit)
                  0000101c    00000040     driverlib.lib : can.obj (.text:CANStatusGet)
                  0000105c    00000040     rtsv7M4_T_le_v4SPD16_eabi.lib : u_divt2.asm.obj (.text)
                  0000109c    0000003a     driverlib.lib : can.obj (.text:CANInit)
                  000010d6    00000002     --HOLE-- [fill = 0]
                  000010d8    00000038                   : sysctl.obj (.text:SysCtlPeripheralPresent)
                  00001110    00000038                   : sysctl.obj (.text:SysCtlPeripheralReady)
                  00001148    00000034                   : sysctl.obj (.text:SysCtlPeripheralEnable)
                  0000117c    00000034     rtsv7M4_T_le_v4SPD16_eabi.lib : boot_cortex_m.c.obj (.text:_c_int00_noargs:_c_int00_noargs)
                  000011b0    0000002a     driverlib.lib : gpio.obj (.text:GPIODirModeSet)
                  000011da    0000002a                   : can.obj (.text:_CANDataRegRead)
                  00001204    00000024                   : can.obj (.text:_CANDataRegWrite)
                  00001228    00000020                   : uart.obj (.text:UARTDisable)
                  00001248    0000001c     rtsv7M4_T_le_v4SPD16_eabi.lib : copy_zero_init.c.obj (.text:decompress:ZI:__TI_zero_init_nomemset:__TI_zero_init_nomemset)
                  00001264    00000018     driverlib.lib : gpio.obj (.text:GPIOPinTypeGPIOOutput)
                  0000127c    00000014                   : uart.obj (.text:UARTEnable)
                  00001290    00000012                   : gpio.obj (.text:GPIOPinTypeCAN)
                  000012a2    00000012                   : gpio.obj (.text:GPIOPinTypeUART)
                  000012b4    0000000e     rtsv7M4_T_le_v4SPD16_eabi.lib : copy_decompress_none.c.obj (.text:decompress:none:__TI_decompress_none)
                  000012c2    0000000c     tm4c123gh6pm_startup_ccs.obj (.text)
                  000012ce    0000000a     driverlib.lib : can.obj (.text:CANEnable)
                  000012d8    0000000a                   : uart.obj (.text:UARTCharGet)
                  000012e2    0000000a                   : uart.obj (.text:UARTCharPut)
                  000012ec    00000006                   : gpio.obj (.text:GPIOPinWrite)
                  000012f2    00000006                   : sysctl.obj (.text:SysCtlDelay)
                  000012f8    00000004     rtsv7M4_T_le_v4SPD16_eabi.lib : pre_init.c.obj (.text:_system_pre_init)
                  000012fc    00000004                                   : exit.c.obj (.text:abort:abort)

.const     0    00001300    0000014c     
                  00001300    00000090     driverlib.lib : gpio.obj (.const:g_pui32GPIOBaseAddrs)
                  00001390    0000006c                   : sysctl.obj (.const:g_pui32Xtals)
                  000013fc    00000020                   : can.obj (.const)
                  0000141c    00000012     uartstdio.obj (.const:.string)
                  0000142e    00000002     --HOLE-- [fill = 0]
                  00001430    0000000c     uartstdio.obj (.const:g_ui32UARTBase)
                  0000143c    0000000c     uartstdio.obj (.const:g_ui32UARTPeriph)
                  00001448    00000004     uartstdio.obj (.const)

.cinit     0    00001450    00000048     
                  00001450    00000023     (.cinit..data.load) [load image, compression = lzss]
                  00001473    00000001     --HOLE-- [fill = 0]
                  00001474    0000000c     (__TI_handler_table)
                  00001480    00000008     (.cinit..bss.load) [load image, compression = zero_init]
                  00001488    00000010     (__TI_cinit_table)

.init_array 
*          0    00000000    00000000     UNINITIALIZED

.data      0    20000200    00000032     UNINITIALIZED
                  20000200    00000014     blinky.obj (.data:sMsgObjectRx)
                  20000214    00000014     blinky.obj (.data:sMsgObjectTx)
                  20000228    00000005     uartstdio.obj (.data)
                  2000022d    00000004     blinky.obj (.data:threshold)
                  20000231    00000001     blinky.obj (.data)

.bss       0    20000232    00000008     UNINITIALIZED
                  20000232    00000004     (.common:pui8BufferIn)
                  20000236    00000004     (.common:pui8BufferOut)

.stack     0    20000000    00000200     UNINITIALIZED
                  20000000    00000004     rtsv7M4_T_le_v4SPD16_eabi.lib : boot_cortex_m.c.obj (.stack)
                  20000004    000001fc     --HOLE--

MODULE SUMMARY

       Module                         code   ro data   rw data
       ------                         ----   -------   -------
    .\
       uartstdio.obj                  1180   46        5      
       blinky.obj                     584    0         53     
       tm4c123gh6pm_startup_ccs.obj   12     620       0      
    +--+------------------------------+------+---------+---------+
       Total:                         1776   666       58     
                                                              
    C:/ti/TivaWare_C_Series-2.1.4.178/driverlib/ccs/Debug/driverlib.lib
       can.obj                        898    32        0      
       gpio.obj                       486    144       0      
       sysctl.obj                     442    108       0      
       uart.obj                       142    0         0      
    +--+------------------------------+------+---------+---------+
       Total:                         1968   284       0      
                                                              
    C:\ti\ccs\tools\compiler\ti-cgt-arm_18.12.2.LTS\lib\rtsv7M4_T_le_v4SPD16_eabi.lib
       memcpy_t2.asm.obj              156    0         0      
       copy_decompress_lzss.c.obj     104    0         0      
       autoinit.c.obj                 68     0         0      
       u_divt2.asm.obj                64     0         0      
       boot_cortex_m.c.obj            52     0         0      
       copy_zero_init.c.obj           28     0         0      
       copy_decompress_none.c.obj     14     0         0      
       exit.c.obj                     4      0         0      
       pre_init.c.obj                 4      0         0      
       div0.asm.obj                   2      0         0      
    +--+------------------------------+------+---------+---------+
       Total:                         496    0         0      
                                                              
       Stack:                         0      0         512    
       Linker Generated:              0      71        0      
    +--+------------------------------+------+---------+---------+
       Grand Total:                   4240   1021      570    


LINKER GENERATED COPY TABLES

__TI_cinit_table @ 00001488 records: 2, size/record: 8, table size: 16
	.data: load addr=00001450, load size=00000023 bytes, run addr=20000200, run size=00000032 bytes, compression=lzss
	.bss: load addr=00001480, load size=00000008 bytes, run addr=20000232, run size=00000008 bytes, compression=zero_init


LINKER GENERATED HANDLER TABLE

__TI_handler_table @ 00001474 records: 3, size/record: 4, table size: 12
	index: 0, handler: __TI_decompress_lzss
	index: 1, handler: __TI_decompress_none
	index: 2, handler: __TI_zero_init


GLOBAL SYMBOLS: SORTED ALPHABETICALLY BY Name 

address   name                          
-------   ----                          
000012fd  C$$EXIT                       
00000e75  CANBitRateSet                 
000012cf  CANEnable                     
0000109d  CANInit                       
00000cc9  CANMessageGet                 
00000951  CANMessageSet                 
0000101d  CANStatusGet                  
000011b1  GPIODirModeSet                
00000a87  GPIOPadConfigSet              
00000f49  GPIOPinConfigure              
00001291  GPIOPinTypeCAN                
00001265  GPIOPinTypeGPIOOutput         
000012a3  GPIOPinTypeUART               
000012ed  GPIOPinWrite                  
000012c3  ResetISR                      
00000bb9  SysCtlClockGet                
000012f3  SysCtlDelay                   
00001149  SysCtlPeripheralEnable        
000010d9  SysCtlPeripheralPresent       
00001111  SysCtlPeripheralReady         
000012d9  UARTCharGet                   
000012e3  UARTCharPut                   
00000f91  UARTConfigSetExpClk           
00001229  UARTDisable                   
0000127d  UARTEnable                    
0000026d  UARTStdioConfig               
000003b3  UARTgetc                      
000002f9  UARTgets                      
000006d3  UARTprintf                    
000003d9  UARTvprintf                   
000002b3  UARTwrite                     
20000200  __STACK_END                   
00000200  __STACK_SIZE                  
20000200  __STACK_TOP                   
00001488  __TI_CINIT_Base               
00001498  __TI_CINIT_Limit              
00001474  __TI_Handler_Table_Base       
00001480  __TI_Handler_Table_Limit      
00000fd9  __TI_auto_init_nobinit_nopinit
00000ee1  __TI_decompress_lzss          
000012b5  __TI_decompress_none          
ffffffff  __TI_pprof_out_hndl           
ffffffff  __TI_prof_data_size           
ffffffff  __TI_prof_data_start          
00000000  __TI_static_base__            
00001249  __TI_zero_init_nomemset       
00000e73  __aeabi_idiv0                 
00000e73  __aeabi_ldiv0                 
00000dd7  __aeabi_memcpy                
00000dd7  __aeabi_memcpy4               
00000dd7  __aeabi_memcpy8               
0000105d  __aeabi_uidiv                 
0000105d  __aeabi_uidivmod              
ffffffff  __binit__                     
ffffffff  __c_args__                    
UNDEFED   __mpu_init                    
20000000  __stack                       
0000117d  _c_int00_noargs               
UNDEFED   _system_post_cinit            
000012f9  _system_pre_init              
000012fd  abort                         
ffffffff  binit                         
20000231  faultFlags                    
00000000  g_pfnVectors                  
00000709  main                          
00000dd7  memcpy                        
20000232  pui8BufferIn                  
20000236  pui8BufferOut                 
20000200  sMsgObjectRx                  
20000214  sMsgObjectTx                  
2000022d  threshold                     


GLOBAL SYMBOLS: SORTED BY Symbol Address 

address   name                          
-------   ----                          
00000000  __TI_static_base__            
00000000  g_pfnVectors                  
00000200  __STACK_SIZE                  
0000026d  UARTStdioConfig               
000002b3  UARTwrite                     
000002f9  UARTgets                      
000003b3  UARTgetc                      
000003d9  UARTvprintf                   
000006d3  UARTprintf                    
00000709  main                          
00000951  CANMessageSet                 
00000a87  GPIOPadConfigSet              
00000bb9  SysCtlClockGet                
00000cc9  CANMessageGet                 
00000dd7  __aeabi_memcpy                
00000dd7  __aeabi_memcpy4               
00000dd7  __aeabi_memcpy8               
00000dd7  memcpy                        
00000e73  __aeabi_idiv0                 
00000e73  __aeabi_ldiv0                 
00000e75  CANBitRateSet                 
00000ee1  __TI_decompress_lzss          
00000f49  GPIOPinConfigure              
00000f91  UARTConfigSetExpClk           
00000fd9  __TI_auto_init_nobinit_nopinit
0000101d  CANStatusGet                  
0000105d  __aeabi_uidiv                 
0000105d  __aeabi_uidivmod              
0000109d  CANInit                       
000010d9  SysCtlPeripheralPresent       
00001111  SysCtlPeripheralReady         
00001149  SysCtlPeripheralEnable        
0000117d  _c_int00_noargs               
000011b1  GPIODirModeSet                
00001229  UARTDisable                   
00001249  __TI_zero_init_nomemset       
00001265  GPIOPinTypeGPIOOutput         
0000127d  UARTEnable                    
00001291  GPIOPinTypeCAN                
000012a3  GPIOPinTypeUART               
000012b5  __TI_decompress_none          
000012c3  ResetISR                      
000012cf  CANEnable                     
000012d9  UARTCharGet                   
000012e3  UARTCharPut                   
000012ed  GPIOPinWrite                  
000012f3  SysCtlDelay                   
000012f9  _system_pre_init              
000012fd  C$$EXIT                       
000012fd  abort                         
00001474  __TI_Handler_Table_Base       
00001480  __TI_Handler_Table_Limit      
00001488  __TI_CINIT_Base               
00001498  __TI_CINIT_Limit              
20000000  __stack                       
20000200  __STACK_END                   
20000200  __STACK_TOP                   
20000200  sMsgObjectRx                  
20000214  sMsgObjectTx                  
2000022d  threshold                     
20000231  faultFlags                    
20000232  pui8BufferIn                  
20000236  pui8BufferOut                 
ffffffff  __TI_pprof_out_hndl           
ffffffff  __TI_prof_data_size           
ffffffff  __TI_prof_data_start          
ffffffff  __binit__                     
ffffffff  __c_args__                    
ffffffff  binit                         
UNDEFED   __mpu_init                    
UNDEFED   _system_post_cinit            

[71 symbols]
